Microchip MPLAB XC8 Compiler V2.40

Linker command line:

-W-3 \
  --edf=C:/Users/Bryan Ortiz/.mchp_packs/Microchip/PIC16Fxxx_DFP/1.4.149/xc8\pic\dat\20230322214319_en.msgs \
  -cn -h+dist/default/production\Lab2D2.X.production.sym \
  --cmf=dist/default/production\Lab2D2.X.production.cmf -z -Q16F887 \
  -oC:\Users\BRYANO~1\AppData\Local\Temp\xcAsgec.4 --defsym=__MPLAB_BUILD=1 \
  --fixupoverflow=error -Mdist/default/production/Lab2D2.X.production.map \
  --md=C:\Users\BRYANO~1\AppData\Local\Temp\xcAsgec.dat -E1 \
  -ver=XC8 Compiler --acfsm=1493 -ACODE=00h-07FFhx4 -ASTRCODE=00h-01FFFh \
  -ASTRING=00h-0FFhx32 -ACONST=00h-0FFhx32 -AENTRY=00h-0FFhx32 \
  -ACOMMON=070h-07Fh -ABANK0=020h-06Fh -ABANK1=0A0h-0EFh \
  -ABANK2=0110h-016Fh -ABANK3=0190h-01EFh \
  -ARAM=020h-06Fh,0A0h-0EFh,0110h-016Fh,0190h-01EFh \
  -AABS1=020h-07Fh,0A0h-0EFh,0110h-016Fh,0190h-01EFh -ASFR0=00h-01Fh \
  -ASFR1=080h-09Fh -ASFR2=0100h-010Fh -ASFR3=0180h-018Fh \
  -ACONFIG=02007h-02008h -DCONFIG=2 -AIDLOC=02000h-02003h -DIDLOC=2 \
  -AEEDATA=00h-0FFh/02100h -peeprom_data=EEDATA -DEEDATA=2 -DCODE=2 \
  -DSTRCODE=2 -DSTRING=2 -DCONST=2 -DENTRY=2 \
  -preset_vec=00h,intentry,init,end_init -ppowerup=CODE -pcinit=CODE \
  -pfunctab=ENTRY -k C:\Users\BRYANO~1\AppData\Local\Temp\xcAsgec.o \
  dist/default/production\Lab2D2.X.production.o 

Object code version is 3.11

Machine type is 16F887



                Name                               Link     Load   Length Selector   Space Scale
C:\Users\BRYANO~1\AppData\Local\Temp\xcAsgec.o
                end_init                              0        0        3        0       0
                config                             2007     2007        2        0       4
                idloc                              2000     2000        4        0       5
dist/default/production\Lab2D2.X.production.o
                cinit                               7F3      7F3        D      FE6       0
                config                             2007     2007        2        0       4
                idloc                              2000     2000        4        0       5
                text25                             176F     176F        6     2EDE       0
                text24                             17CC     17CC       1A     2F98       0
                text23                             177D     177D        D     2EFA       0
                text22                              8E0      8E0       20     11C0       0
                text21                             179E     179E       16     2F3C       0
                text20                              924      924       25     1248       0
                text19                             176B     176B        4     2ED6       0
                text18                              949      949       26     1292       0
                text17                                3        3       78        0       0
                text16                              AFF      AFF       B8     15FE       0
                text15                             178A     178A       14     2F14       0
                text14                               7B       7B      1D3       F6       0
                text13                              96F      96F       27     12DE       0
                text12                              4AE      4AE      345      95C       0
                text11                              24E      24E      260      49C       0
                text10                              900      900       24     1200       0
                text9                               C8A      C8A      119     1914       0
                text8                               A43      A43       4D     1486       0
                text7                              17E6     17E6       1A     2FCC       0
                text6                              17B4     17B4       18     2F68       0
                text5                               BB7      BB7       D3     176E       0
                text4                               996      996       2F     132C       0
                text3                               9FF      9FF       44     13FE       0
                text2                               9C5      9C5       3A     138A       0
                text1                               A90      A90       6F     1520       0
                maintext                            DA3      DA3      25D     1B46       0
                cstackBANK0                          20       20       50       20       1
                cstackCOMMON                         70       70        E       70       1
                cstackBANK1                          A0       A0       2B       A0       1
                clrtext                            1775     1775        8     2EEA       0
                bssBANK1                             CB       CB       13       A0       1
                strings                             800      800       DE     1000       0

TOTAL           Name                               Link     Load   Length     Space
        CLASS   CODE           
                end_init                              0        0        3         0
                cinit                               7F3      7F3        D         0
                text25                             176F     176F        6         0
                text24                             17CC     17CC       1A         0
                text23                             177D     177D        D         0
                text22                              8E0      8E0       20         0
                text21                             179E     179E       16         0
                text20                              924      924       25         0
                text19                             176B     176B        4         0
                text18                              949      949       26         0
                text17                                3        3       78         0
                text16                              AFF      AFF       B8         0
                text15                             178A     178A       14         0
                text14                               7B       7B      1D3         0
                text13                              96F      96F       27         0
                text12                              4AE      4AE      345         0
                text11                              24E      24E      260         0
                text10                              900      900       24         0
                text9                               C8A      C8A      119         0
                text8                               A43      A43       4D         0
                text7                              17E6     17E6       1A         0
                text6                              17B4     17B4       18         0
                text5                               BB7      BB7       D3         0
                text4                               996      996       2F         0
                text3                               9FF      9FF       44         0
                text2                               9C5      9C5       3A         0
                text1                               A90      A90       6F         0
                maintext                            DA3      DA3      25D         0
                clrtext                            1775     1775        8         0

        CLASS   STRCODE        

        CLASS   STRING         
                strings                             800      800       DE         0

        CLASS   CONST          

        CLASS   ENTRY          

        CLASS   COMMON         
                cstackCOMMON                         70       70        E         1

        CLASS   BANK0          
                cstackBANK0                          20       20       50         1

        CLASS   BANK1          
                cstackBANK1                          A0       A0       2B         1
                bssBANK1                             CB       CB       13         1

        CLASS   BANK2          

        CLASS   BANK3          

        CLASS   RAM            

        CLASS   ABS1           
                abs_s1                               7E       7E        2         1

        CLASS   SFR0           

        CLASS   SFR1           

        CLASS   SFR2           

        CLASS   SFR3           

        CLASS   CONFIG         
                config                             2007     2007        2         4

        CLASS   IDLOC          
                idloc                              2000     2000        4         5

        CLASS   EEDATA         

        CLASS   STACK          



SEGMENTS        Name                           Load    Length   Top    Selector   Space  Class     Delta

                reset_vec                      000000  00007B  00007B         0       0  CODE        2
                cstackBANK0                    000020  000050  000070        20       1  BANK0       1
                cstackCOMMON                   000070  00000E  00007E        70       1  COMMON      1
                cstackBANK1                    0000A0  00003E  0000DE        A0       1  BANK1       1
                text14                         00007B  0001D3  00024E        F6       0  CODE        2
                text11                         00024E  000260  0004AE       49C       0  CODE        2
                text12                         0004AE  000345  0007F3       95C       0  CODE        2
                cinit                          0007F3  00000D  000800       FE6       0  CODE        2
                strings                        000800  0000DE  0008DE      1000       0  STRING      2
                text22                         0008E0  000020  000900      11C0       0  CODE        2
                text10                         000900  000024  000924      1200       0  CODE        2
                text20                         000924  000025  000949      1248       0  CODE        2
                text18                         000949  000026  00096F      1292       0  CODE        2
                text13                         00096F  000027  000996      12DE       0  CODE        2
                text4                          000996  00002F  0009C5      132C       0  CODE        2
                text2                          0009C5  00003A  0009FF      138A       0  CODE        2
                text3                          0009FF  000044  000A43      13FE       0  CODE        2
                text8                          000A43  00004D  000A90      1486       0  CODE        2
                text1                          000A90  00006F  000AFF      1520       0  CODE        2
                text16                         000AFF  0000B8  000BB7      15FE       0  CODE        2
                text5                          000BB7  0000D3  000C8A      176E       0  CODE        2
                text9                          000C8A  000119  000DA3      1914       0  CODE        2
                maintext                       000DA3  00025D  001000      1B46       0  CODE        2
                text19                         00176B  000004  00176F      2ED6       0  CODE        2
                text25                         00176F  000006  001775      2EDE       0  CODE        2
                clrtext                        001775  000008  00177D      2EEA       0  CODE        2
                text23                         00177D  00000D  00178A      2EFA       0  CODE        2
                text15                         00178A  000014  00179E      2F14       0  CODE        2
                text21                         00179E  000016  0017B4      2F3C       0  CODE        2
                text6                          0017B4  000018  0017CC      2F68       0  CODE        2
                text24                         0017CC  00001A  0017E6      2F98       0  CODE        2
                text7                          0017E6  00001A  001800      2FCC       0  CODE        2


UNUSED ADDRESS RANGES

        Name                Unused          Largest block    Delta
        BANK1            00DE-00EF             12           1
        BANK2            0110-016F             60           1
        BANK3            0190-01EF             60           1
        CODE             08DE-08DF              2           2
                         1000-176A            76B
                         1800-1FFF            800
        CONST            08DE-08DF              2           2
                         1000-176A            100
                         1800-1FFF            100
        EEDATA           2100-21FF            100           2
        ENTRY            08DE-08DF              2           2
                         1000-176A            100
                         1800-1FFF            100
        RAM              00DE-00EF             12           1
                         0110-016F             60
                         0190-01EF             60
        SFR0             0000-001F             20           1
        SFR1             0080-009F             20           1
        SFR2             0100-010F             10           1
        SFR3             0180-018F             10           1
        STRCODE          08DE-08DF              2           2
                         1000-176A            76B
                         1800-1FFF            800
        STRING           08DE-08DF              2           2
                         1000-176A            100
                         1800-1FFF            100

                                  Symbol Table

?__Umul8_16               cstackCOMMON 0070
?___fladd                 cstackBANK0  0020
?___fldiv                 cstackBANK0  0052
?___flmul                 cstackBANK0  0038
?___flsub                 cstackBANK0  0030
?___fltol                 cstackBANK1  00B4
?___lwdiv                 cstackCOMMON 0070
?___lwmod                 cstackCOMMON 0078
?___xxtofl                cstackCOMMON 0070
?_adc_read                cstackCOMMON 0070
?_map                     cstackBANK1  00A0
Lcd_Cmd@a                 cstackCOMMON 0073
Lcd_Port@a                cstackCOMMON 0070
Lcd_Set_Cursor@a          cstackCOMMON 0075
Lcd_Set_Cursor@b          cstackCOMMON 0074
Lcd_Set_Cursor@temp       cstackCOMMON 0076
Lcd_Write_Char@a          cstackCOMMON 0072
Lcd_Write_String@a        cstackCOMMON 0075
Lcd_Write_String@i        cstackCOMMON 0073
UART_RX_CONFIG@baudrate   cstackCOMMON 0070
UART_TX_CONFIG@baudrate   cstackCOMMON 0070
UART_write_char@c         cstackBANK0  0029
_ADCON0bits               (abs)        001F
_ADCON1bits               (abs)        009F
_ADIF                     (abs)        0066
_ADRESH                   (abs)        001E
_ANSEL                    (abs)        0188
_ANSELH                   (abs)        0189
_ANSELHbits               (abs)        0189
_ANSELbits                (abs)        0188
_BAUDCTLbits              (abs)        0187
_Lcd_Clear                text23       177D
_Lcd_Cmd                  text24       17CC
_Lcd_Init                 text8        0A43
_Lcd_Port                 text25       176F
_Lcd_Set_Cursor           text22       08E0
_Lcd_Write_Char           text21       179E
_Lcd_Write_String         text20       0924
_OSCCONbits               (abs)        008F
_PIR1bits                 (abs)        000C
_PORTAbits                (abs)        0005
_PORTBbits                (abs)        0006
_PORTD                    (abs)        0008
_PORTEbits                (abs)        0009
_RCREG                    (abs)        001A
_RCSTAbits                (abs)        0018
_RE2                      (abs)        004A
_SPBRG                    (abs)        0099
_SPBRGH                   (abs)        009A
_TRISAbits                (abs)        0085
_TRISBbits                (abs)        0086
_TRISD                    (abs)        0088
_TRISE                    (abs)        0089
_TRISEbits                (abs)        0089
_TXREG                    (abs)        0019
_TXSTAbits                (abs)        0098
_UART_RX_CONFIG           text7        17E6
_UART_TX_CONFIG           text6        17B4
_UART_read_char           text19       176B
_UART_write_char          text18       0949
__Habs1                   abs1         0000
__Hbank0                  bank0        0000
__Hbank1                  bank1        0000
__Hbank2                  bank2        0000
__Hbank3                  bank3        0000
__HbssBANK1               bssBANK1     0000
__Hcinit                  cinit        0800
__Hclrtext                clrtext      0000
__Hcode                   code         0000
__Hcommon                 common       0000
__Hconfig                 config       2009
__HcstackBANK0            cstackBANK0  0000
__HcstackBANK1            cstackBANK1  0000
__HcstackCOMMON           cstackCOMMON 0000
__Heeprom_data            eeprom_data  0000
__Hend_init               end_init     0003
__Hfunctab                functab      0000
__Hidloc                  idloc        2004
__Hinit                   init         0000
__Hintentry               intentry     0000
__Hmaintext               maintext     0000
__Hpowerup                powerup      0000
__Hram                    ram          0000
__Hreset_vec              reset_vec    0000
__Hsfr0                   sfr0         0000
__Hsfr1                   sfr1         0000
__Hsfr2                   sfr2         0000
__Hsfr3                   sfr3         0000
__Hspace_0                (abs)        1800
__Hspace_1                (abs)        00DE
__Hspace_2                (abs)        0000
__Hspace_3                (abs)        0000
__Hspace_4                (abs)        4010
__Hstack                  stack        0000
__Hstrings                strings      0000
__Htext                   text         0000
__Labs1                   abs1         0000
__Lbank0                  bank0        0000
__Lbank1                  bank1        0000
__Lbank2                  bank2        0000
__Lbank3                  bank3        0000
__LbssBANK1               bssBANK1     0000
__Lcinit                  cinit        07F3
__Lclrtext                clrtext      0000
__Lcode                   code         0000
__Lcommon                 common       0000
__Lconfig                 config       0000
__LcstackBANK0            cstackBANK0  0000
__LcstackBANK1            cstackBANK1  0000
__LcstackCOMMON           cstackCOMMON 0000
__Leeprom_data            eeprom_data  0000
__Lend_init               end_init     0000
__Lfunctab                functab      0000
__Lidloc                  idloc        0000
__Linit                   init         0000
__Lintentry               intentry     0000
__Lmaintext               maintext     0000
__Lpowerup                powerup      0000
__Lram                    ram          0000
__Lreset_vec              reset_vec    0000
__Lsfr0                   sfr0         0000
__Lsfr1                   sfr1         0000
__Lsfr2                   sfr2         0000
__Lsfr3                   sfr3         0000
__Lspace_0                (abs)        0000
__Lspace_1                (abs)        0000
__Lspace_2                (abs)        0000
__Lspace_3                (abs)        0000
__Lspace_4                (abs)        0000
__Lstack                  stack        0000
__Lstrings                strings      0000
__Ltext                   text         0000
__S0                      (abs)        1800
__S1                      (abs)        00DE
__S3                      (abs)        0000
__Umul8_16                text13       096F
__Umul8_16@multiplicand   cstackCOMMON 0070
__Umul8_16@multiplier     cstackCOMMON 0078
__Umul8_16@product        cstackCOMMON 0074
__Umul8_16@word_mpld      cstackCOMMON 0076
___fladd                  text11       024E
___fladd@a                cstackBANK0  0024
___fladd@aexp             cstackCOMMON 007A
___fladd@b                cstackBANK0  0020
___fladd@bexp             cstackCOMMON 007B
___fladd@grs              cstackCOMMON 007C
___fladd@signs            cstackCOMMON 0079
___fldiv                  text14       007B
___fldiv@a                cstackBANK0  0052
___fldiv@aexp             cstackBANK0  006B
___fldiv@b                cstackBANK0  0056
___fldiv@bexp             cstackBANK0  006A
___fldiv@grs              cstackBANK0  0066
___fldiv@new_exp          cstackBANK0  0064
___fldiv@rem              cstackBANK0  005F
___fldiv@sign             cstackBANK0  0063
___flmul                  text12       04AE
___flmul@a                cstackBANK0  003C
___flmul@aexp             cstackBANK0  004A
___flmul@b                cstackBANK0  0038
___flmul@bexp             cstackBANK0  004B
___flmul@grs              cstackBANK0  0046
___flmul@prod             cstackBANK0  004C
___flmul@sign             cstackBANK0  0045
___flmul@temp             cstackBANK0  0050
___flsub                  text10       0900
___flsub@a                cstackBANK0  0030
___flsub@b                cstackBANK0  0034
___fltol                  text17       0003
___fltol@exp1             cstackBANK1  00BD
___fltol@f1               cstackBANK1  00B4
___fltol@sign1            cstackBANK1  00BC
___int_sp                 stack        0000
___latbits                (abs)        0002
___lwdiv                  text3        09FF
___lwdiv@counter          cstackCOMMON 0077
___lwdiv@dividend         cstackCOMMON 0072
___lwdiv@divisor          cstackCOMMON 0070
___lwdiv@quotient         cstackCOMMON 0075
___lwmod                  text2        09C5
___lwmod@counter          cstackCOMMON 007D
___lwmod@dividend         cstackCOMMON 007A
___lwmod@divisor          cstackCOMMON 0078
___sp                     stack        0000
___stackhi                (abs)        0000
___stacklo                (abs)        0000
___xxtofl                 text16       0AFF
___xxtofl@arg             cstackCOMMON 007A
___xxtofl@exp             cstackCOMMON 0079
___xxtofl@sign            cstackCOMMON 0078
___xxtofl@val             cstackCOMMON 0070
__end_of_Lcd_Clear        text23       178A
__end_of_Lcd_Cmd          text24       17E6
__end_of_Lcd_Init         text8        0A90
__end_of_Lcd_Port         text25       1775
__end_of_Lcd_Set_Cursor   text22       0900
__end_of_Lcd_Write_Char   text21       17B4
__end_of_Lcd_Write_String text20       0949
__end_of_UART_RX_CONFIG   text7        1800
__end_of_UART_TX_CONFIG   text6        17CC
__end_of_UART_read_char   text19       176F
__end_of_UART_write_char  text18       096F
__end_of__Umul8_16        text13       0996
__end_of___fladd          text11       04AE
__end_of___fldiv          text14       024E
__end_of___flmul          text12       07F3
__end_of___flsub          text10       0924
__end_of___fltol          text17       007B
__end_of___lwdiv          text3        0A43
__end_of___lwmod          text2        09FF
__end_of___xxtofl         text16       0BB7
__end_of__initialization  cinit        07FC
__end_of__stringtab       strings      0810
__end_of_adc_init         text5        0C8A
__end_of_adc_read         text15       179E
__end_of_main             maintext     1000
__end_of_map              text9        0DA3
__end_of_setup            text4        09C5
__end_of_utoa             text1        0AFF
__initialization          cinit        07F3
__pbssBANK1               bssBANK1     00CB
__pcstackBANK0            cstackBANK0  0020
__pcstackBANK1            cstackBANK1  00A0
__pcstackCOMMON           cstackCOMMON 0070
__pmaintext               maintext     0DA3
__pstrings                strings      0800
__ptext1                  text1        0A90
__ptext10                 text10       0900
__ptext11                 text11       024E
__ptext12                 text12       04AE
__ptext13                 text13       096F
__ptext14                 text14       007B
__ptext15                 text15       178A
__ptext16                 text16       0AFF
__ptext17                 text17       0003
__ptext18                 text18       0949
__ptext19                 text19       176B
__ptext2                  text2        09C5
__ptext20                 text20       0924
__ptext21                 text21       179E
__ptext22                 text22       08E0
__ptext23                 text23       177D
__ptext24                 text24       17CC
__ptext25                 text25       176F
__ptext3                  text3        09FF
__ptext4                  text4        0996
__ptext5                  text5        0BB7
__ptext6                  text6        17B4
__ptext7                  text7        17E6
__ptext8                  text8        0A43
__ptext9                  text9        0C8A
__stringbase              strings      080F
__stringtab               strings      0800
_adc_init                 text5        0BB7
_adc_read                 text15       178A
_buffer                   bssBANK1     00CD
_cpu                      bssBANK1     00CB
_main                     maintext     0DA3
_map                      text9        0C8A
_map$1292                 cstackBANK0  006C
_setup                    text4        0996
_utoa                     text1        0A90
adc_init@channel          cstackCOMMON 0070
adc_read@adcValue         cstackCOMMON 0074
btemp                     (abs)        007E
clear_ram0                clrtext      1775
end_of_initialization     cinit        07FC
intlevel0                 functab      0000
intlevel1                 functab      0000
intlevel2                 functab      0000
intlevel3                 functab      0000
intlevel4                 functab      0000
intlevel5                 functab      0000
main@adcV                 cstackBANK1  00C7
main@contador             cstackBANK1  00C4
main@temp                 cstackBANK1  00C9
main@voltaje              cstackBANK1  00C1
map@fromHigh              cstackBANK1  00A8
map@fromLow               cstackBANK1  00A4
map@toHigh                cstackBANK1  00B0
map@toLow                 cstackBANK1  00AC
map@value                 cstackBANK1  00A0
reset_vec                 reset_vec    0000
start                     init         0000
start_initialization      cinit        07F3
utoa@base                 cstackBANK0  0022
utoa@buf                  cstackBANK0  0028
utoa@c                    cstackBANK0  0027
utoa@v                    cstackBANK0  0025
utoa@val                  cstackBANK0  0020
wtemp0                    (abs)        007E


MODULE INFORMATION

Module		Function		Class		Link	Load	Size
C:\Program Files\Microchip\xc8\v2.40\pic\sources\c90\common\fltol.c
		___fltol       		CODE           	0003	0000	120

C:\Program Files\Microchip\xc8\v2.40\pic\sources\c90\common\fltol.c estimated size: 120

C:/Users/Bryan Ortiz/Desktop/Digital2/Lab2D2.X/LCD8B.c
		_Lcd_Write_String		CODE           	0924	0000	37
		_Lcd_Init      		CODE           	0A43	0000	77
		_Lcd_Write_Char		CODE           	179E	0000	22
		_Lcd_Cmd       		CODE           	17CC	0000	26
		_Lcd_Set_Cursor		CODE           	08E0	0000	32
		_Lcd_Clear     		CODE           	177D	0000	13
		_Lcd_Port      		CODE           	176F	0000	6

C:/Users/Bryan Ortiz/Desktop/Digital2/Lab2D2.X/LCD8B.c estimated size: 213

C:\Program Files\Microchip\xc8\v2.40\pic\sources\c90\common\sprcmul.c
		___flmul       		CODE           	04AE	0000	837

C:\Program Files\Microchip\xc8\v2.40\pic\sources\c90\common\sprcmul.c estimated size: 837

C:\Program Files\Microchip\xc8\v2.40\pic\sources\c90\common\sprcdiv.c
		___fldiv       		CODE           	007B	0000	467

C:\Program Files\Microchip\xc8\v2.40\pic\sources\c90\common\sprcdiv.c estimated size: 467

C:\Program Files\Microchip\xc8\v2.40\pic\sources\c90\common\Umul8_16.c
		__Umul8_16     		CODE           	096F	0000	39

C:\Program Files\Microchip\xc8\v2.40\pic\sources\c90\common\Umul8_16.c estimated size: 39

C:/Users/Bryan Ortiz/Desktop/Digital2/Lab2D2.X/Lab2D2.c
		_map           		CODE           	0C8A	0000	281
		_main          		CODE           	0DA3	0000	605
		_setup         		CODE           	0996	0000	47

C:/Users/Bryan Ortiz/Desktop/Digital2/Lab2D2.X/Lab2D2.c estimated size: 933

C:/Users/Bryan Ortiz/Desktop/Digital2/LAB1D2.X/USART.c
		_UART_TX_CONFIG		CODE           	17B4	0000	24
		_UART_write_char		CODE           	0949	0000	38
		_UART_RX_CONFIG		CODE           	17E6	0000	26
		_UART_read_char		CODE           	176B	0000	4

C:/Users/Bryan Ortiz/Desktop/Digital2/LAB1D2.X/USART.c estimated size: 92

C:/Users/Bryan Ortiz/Desktop/Digital2/Lab2D2.X/ADC.c
		_adc_read      		CODE           	178A	0000	20
		_adc_init      		CODE           	0BB7	0000	211

C:/Users/Bryan Ortiz/Desktop/Digital2/Lab2D2.X/ADC.c estimated size: 231

C:\Program Files\Microchip\xc8\v2.40\pic\sources\c90\common\lwmod.c
		___lwmod       		CODE           	09C5	0000	58

C:\Program Files\Microchip\xc8\v2.40\pic\sources\c90\common\lwmod.c estimated size: 58

shared
		__stringtab    		STRING         	0800	0000	16
		__initialization		CODE           	07F3	0000	9

shared estimated size: 25

C:\Program Files\Microchip\xc8\v2.40\pic\sources\c90\common\sprcadd.c
		___flsub       		CODE           	0900	0000	36
		___fladd       		CODE           	024E	0000	608

C:\Program Files\Microchip\xc8\v2.40\pic\sources\c90\common\sprcadd.c estimated size: 644

C:\Program Files\Microchip\xc8\v2.40\pic\sources\c90\common\itoa.c
		_utoa          		CODE           	0A90	0000	111

C:\Program Files\Microchip\xc8\v2.40\pic\sources\c90\common\itoa.c estimated size: 111

C:\Program Files\Microchip\xc8\v2.40\pic\sources\c90\common\lwdiv.c
		___lwdiv       		CODE           	09FF	0000	68

C:\Program Files\Microchip\xc8\v2.40\pic\sources\c90\common\lwdiv.c estimated size: 68

C:\Program Files\Microchip\xc8\v2.40\pic\sources\c90\common\xxtofl.c
		___xxtofl      		CODE           	0AFF	0000	184

C:\Program Files\Microchip\xc8\v2.40\pic\sources\c90\common\xxtofl.c estimated size: 184

